[2025-10-26 10:00:00] INFO | Application starting...
[2025-10-26 10:00:01] SUCCESS | Configuration loaded successfully
[2025-10-26 10:00:02] INFO | Connecting to database...
[2025-10-26 10:00:03] SUCCESS | Database connection established
[2025-10-26 10:00:05] INFO | Starting HTTP server on port 8080
[2025-10-26 10:00:06] SUCCESS | Server started successfully
[2025-10-26 10:01:15] INFO | Request received: GET /api/users
[2025-10-26 10:01:16] INFO | Processing request...
[2025-10-26 10:01:17] SUCCESS | Request completed successfully (200 OK)
[2025-10-26 10:02:30] WARNING | High memory usage detected: 85%
[2025-10-26 10:02:45] INFO | Request received: POST /api/login
[2025-10-26 10:02:46] ERROR | Authentication failed for user: john@example.com
[2025-10-26 10:03:10] INFO | Request received: GET /api/products
[2025-10-26 10:03:11] SUCCESS | Query returned 150 results
[2025-10-26 10:05:00] WARNING | Response time exceeding threshold: 2.5s
[2025-10-26 10:05:30] ERROR | Database query timeout
Traceback (most recent call last):
  File "app.py", line 145, in execute_query
    result = db.execute(query)
  File "database.py", line 89, in execute
    return self.cursor.fetchall()
DatabaseError: query timeout after 30 seconds
[2025-10-26 10:06:00] INFO | Retrying database connection...
[2025-10-26 10:06:05] SUCCESS | Database reconnected
[2025-10-26 10:07:00] INFO | Request received: DELETE /api/users/123
[2025-10-26 10:07:01] SUCCESS | User deleted successfully
[2025-10-26 10:08:15] CRITICAL | Out of memory error
[2025-10-26 10:08:16] ERROR | Application crash detected
[2025-10-26 10:08:17] INFO | Initiating graceful shutdown...
[2025-10-26 10:08:20] INFO | Closing database connections...
[2025-10-26 10:08:21] SUCCESS | Application shutdown completed
